
# ==== first run: --version (both command names)
# command: C:\AgentSessions\.trellis\.runtime\b6-smoke\prefix\agent-session-grep.exe --version
# cwd: C:\AgentSessions
# started: 2026-10-06 23:59:13+08:00
agent-session-grep-cli 0.1.0
# exit=0

# ==== first run: alias --version
# command: C:\AgentSessions\.trellis\.runtime\b6-smoke\prefix\asg.exe --version
# cwd: C:\AgentSessions
# started: 2026-10-06 23:59:13+08:00
agent-session-grep-cli 0.1.0
# exit=0

# ==== first run: --version (both command names)
# command: C:\AgentSessions\.trellis\.runtime\b6-smoke\prefix\agent-session-grep.exe --version
# cwd: C:\AgentSessions
# started: 2026-10-06 23:59:29+08:00
agent-session-grep-cli 0.1.0
# exit=0

# ==== first run: alias --version
# command: C:\AgentSessions\.trellis\.runtime\b6-smoke\prefix\asg.exe --version
# cwd: C:\AgentSessions
# started: 2026-10-06 23:59:29+08:00
agent-session-grep-cli 0.1.0
# exit=0

# ==== first run: --version (both command names)
# command: C:\AgentSessions\.trellis\.runtime\b6-smoke\prefix\agent-session-grep.exe --version
# cwd: C:\AgentSessions
# started: 2026-10-07 00:01:40+08:00
agent-session-grep-cli 0.1.0
# exit=0

# ==== first run: alias --version
# command: C:\AgentSessions\.trellis\.runtime\b6-smoke\prefix\asg.exe --version
# cwd: C:\AgentSessions
# started: 2026-10-07 00:01:40+08:00
agent-session-grep-cli 0.1.0
# exit=0
