
# ==== first run: doctor (environment only)
# command: C:\AgentSessions\.trellis\.runtime\b6-smoke\prefix\agent-session-grep.exe doctor
# cwd: C:\AgentSessions
# started: 2026-10-06 23:59:29+08:00
db: not-checked
hint: 未指定数据库：以上仅检查了环境。运行 doctor --db <path> 可校验数据库与 schema。
index_projection_expected: 1
index_projection_stale: null
index_projection_version: null
offline: false
schema: null
semantic_feature: null
tool: agent-session-grep-cli
tool_activity_storage: true
usage_storage: true
version: 0.1.0
# exit=0

# ==== first run: doctor (environment only)
# command: C:\AgentSessions\.trellis\.runtime\b6-smoke\prefix\agent-session-grep.exe doctor
# cwd: C:\AgentSessions
# started: 2026-10-07 00:01:40+08:00
db: not-checked
hint: 未指定数据库：以上仅检查了环境。运行 doctor --db <path> 可校验数据库与 schema。
index_projection_expected: 1
index_projection_stale: null
index_projection_version: null
offline: false
schema: null
semantic_feature: null
tool: agent-session-grep-cli
tool_activity_storage: true
usage_storage: true
version: 0.1.0
# exit=0
